[assembly: System.Runtime.CompilerServices.InternalsVisibleToAttribute(@"Tests, PublicKey=00240000048000009400000006020000002400005253413100040000010001007f16e21368ff041183fab592d9e8ed37e7be355e93323147a1d29983d6e591b04282e4da0c9e18bd901e112c0033925eb7d7872c2f1706655891c5c9d57297994f707d16ee9a8f40d978f064ee1ffc73c0db3f4712691b23bf596f75130f4ec978cf78757ec034625a5f27e6bb50c618931ea49f6f628fd74271c32959efb1c5")]
[assembly: System.Runtime.Versioning.TargetFrameworkAttribute(".NETFramework,Version=v4.6.1", FrameworkDisplayName=".NET Framework 4.6.1")]
namespace NServiceBus.UniformSession
{
    public interface IUniformSession
    {
        System.Threading.Tasks.Task Publish(object message, NServiceBus.PublishOptions options);
        System.Threading.Tasks.Task Publish<T>(System.Action<T> messageConstructor, NServiceBus.PublishOptions publishOptions);
        System.Threading.Tasks.Task Send(object message, NServiceBus.SendOptions options);
        System.Threading.Tasks.Task Send<T>(System.Action<T> messageConstructor, NServiceBus.SendOptions options);
    }
    public class static IUniformSessionExtensions
    {
        public static System.Threading.Tasks.Task Publish(this NServiceBus.UniformSession.IUniformSession session, object message) { }
        public static System.Threading.Tasks.Task Publish<T>(this NServiceBus.UniformSession.IUniformSession session) { }
        public static System.Threading.Tasks.Task Publish<T>(this NServiceBus.UniformSession.IUniformSession session, System.Action<T> messageConstructor) { }
        public static System.Threading.Tasks.Task Send(this NServiceBus.UniformSession.IUniformSession session, object message) { }
        public static System.Threading.Tasks.Task Send<T>(this NServiceBus.UniformSession.IUniformSession session, System.Action<T> messageConstructor) { }
        public static System.Threading.Tasks.Task Send(this NServiceBus.UniformSession.IUniformSession session, string destination, object message) { }
        public static System.Threading.Tasks.Task Send<T>(this NServiceBus.UniformSession.IUniformSession session, string destination, System.Action<T> messageConstructor) { }
        public static System.Threading.Tasks.Task SendLocal(this NServiceBus.UniformSession.IUniformSession session, object message) { }
        public static System.Threading.Tasks.Task SendLocal<T>(this NServiceBus.UniformSession.IUniformSession session, System.Action<T> messageConstructor) { }
    }
}
namespace NServiceBus
{
    public class static UniformSessionExtensions
    {
        public static void EnableUniformSession(this NServiceBus.EndpointConfiguration endpointConfiguration) { }
    }
}